// Jest Snapshot v1, https://goo.gl/fbAQLP

exports[`RectangleLine RectangleLine snapshot 1`] = `
<div
  className="rectangles"
>
  <div
    className="purpleRectangle"
  />
  <div
    className="yellowRectangle"
  />
</div>
`;
