// Jest Snapshot v1, https://goo.gl/fbAQLP

exports[`Privacy Privacy snapshot 1`] = `
<div
  className="privacy"
>
  <section
    className="titleWrapper"
  >
    <h1
      className="h h1 title"
    >
      privacy.title
    </h1>
    <p
      className="p medium updatedAt"
    >
      privacy.updatedAt
       
      January 22, 2022
    </p>
  </section>
  <section
    className="content"
  >
    <div
      className="contentBlock"
    >
      <h1
        className="h h1 subtitle"
      >
        Lorem ipsum dolor sit amet
      </h1>
      <p
        className="p medium text"
      >
        Lorem ipsum dolor sit amet, consectetur adipiscing elit, sed do eiusmod tempor incididunt ut labore et dolore magna aliqua. Ut enim ad minim veniam, quis nostrud exercitation ullamco laboris nisi ut aliquip ex ea commodo consequat. Duis aute irure dolor in reprehenderit in voluptate velit esse cillum dolore eu fugiat nulla pariatur.Lorem ipsum dolor sit amet, consectetur adipiscing elit, sed do eiusmod tempor incididunt ut labore et dolore magna aliqua. Non blandit massa enim nec. Scelerisque viverra mauris in aliquam sem. At risus viverra adipiscing at in tellus. Sociis natoque penatibus et magnis dis parturient montes. Ridiculus mus mauris vitae ultricies leo. Neque egestas congue quisque egestas diam. Risus in hendrerit gravida rutrum quisque non. Sit amet nulla facilisi morbi tempus iaculis urna. Lorem sed risus ultricies tristique nulla aliquet enim. Volutpat blandit aliquam etiam erat velit. Orci eu lobortis elementum nibh. Ipsum suspendisse ultrices gravida dictum fusce ut placerat orci nulla. Neque convallis a cras semper auctor neque vitae tempus quam.
      </p>
    </div>
    <div
      className="contentBlock"
    >
      <h1
        className="h h1 subtitle"
      >
        Lorem ipsum dolor sit amet, consectetur adipiscing elit, sed do eiusmod tempor.
      </h1>
      <p
        className="p medium text"
      >
        Lorem ipsum dolor sit amet, consectetur adipiscing elit, sed do eiusmod tempor incididunt ut labore et dolore magna aliqua. Non blandit massa enim nec. Scelerisque viverra mauris in aliquam sem. At risus viverra adipiscing at in tellus. Sociis natoque penatibus et magnis dis parturient montes. Ridiculus mus mauris vitae ultricies leo. Neque egestas congue quisque egestas diam. Risus in hendrerit gravida rutrum quisque non. Sit amet nulla facilisi morbi tempus iaculis urna. Lorem sed risus ultricies tristique nulla aliquet enim. Volutpat blandit aliquam etiam erat velit. Orci eu lobortis elementum nibh. Ipsum suspendisse ultrices gravida dictum fusce ut placerat orci nulla. Neque convallis a cras semper auctor neque vitae tempus quam.
      </p>
      <p
        className="p medium text"
      >
        Lorem ipsum dolor sit amet, consectetur adipiscing elit, sed do eiusmod tempor incididunt ut labore et dolore magna aliqua. Non blandit massa enim nec. Scelerisque viverra mauris in aliquam sem. At risus viverra adipiscing at in tellus. Sociis natoque penatibus et magnis dis parturient montes. Ridiculus mus mauris vitae ultricies leo. Neque egestas congue quisque egestas diam. Risus in hendrerit gravida rutrum quisque non. Sit amet nulla facilisi morbi tempus iaculis urna. Lorem sed risus ultricies tristique nulla aliquet enim. Volutpat blandit aliquam etiam erat velit. Orci eu lobortis elementum nibh. Ipsum suspendisse ultrices gravida dictum fusce ut placerat orci nulla. Neque convallis a cras semper auctor neque vitae tempus quam.
      </p>
    </div>
  </section>
</div>
`;
