// Jest Snapshot v1, https://goo.gl/fbAQLP

exports[`CategoryTag CategoryTag snapshot 1`] = `
<div
  className="tag"
>
  Business
</div>
`;
