// Jest Snapshot v1, https://goo.gl/fbAQLP

exports[`Logo Logo  snapshot 1`] = `
<a
  href="/"
  onClick={[Function]}
  onMouseEnter={[Function]}
  onTouchStart={[Function]}
>
  <h1
    className="logo"
  >
    Modsen Client Blog
  </h1>
</a>
`;
